=== Invocation 2026-05-07T19:31:41Z | seed=1 | keep_state=1 | pid=2401289 | host=nah-popos ===
=== [ikc-5] /home/vltanh/Documents/netsci-research/community-detection/examples/output/estimated_clusterings/ec-sbm-v2/sbm-flat-best+cc/clusterings/ikc-5/dnc/0/.state/time_and_err.log ===
[ikc-5] === 2026-05-07T19:31:41Z | pid=2401289 | host=nah-popos | EXECUTED ===
[ikc-5] 	Command being timed: "python /home/vltanh/Documents/netsci-research/community-detection/src/ikc/run_ikc.py --edgelist /home/vltanh/Documents/netsci-research/community-detection/examples/input/synthetic_networks/networks/ec-sbm-v2/sbm-flat-best+cc/dnc/0/edge.csv --output-directory /home/vltanh/Documents/netsci-research/community-detection/examples/output/estimated_clusterings/ec-sbm-v2/sbm-flat-best+cc/clusterings/ikc-5/dnc/0 --kvalue 5 --log-file /home/vltanh/Documents/netsci-research/community-detection/examples/output/estimated_clusterings/ec-sbm-v2/sbm-flat-best+cc/clusterings/ikc-5/dnc/0/.state/run.log"
[ikc-5] 	User time (seconds): 1.66
[ikc-5] 	System time (seconds): 0.16
[ikc-5] 	Percent of CPU this job got: 99%
[ikc-5] 	Elapsed (wall clock) time (h:mm:ss or m:ss): 0:01.85
[ikc-5] 	Average shared text size (kbytes): 0
[ikc-5] 	Average unshared data size (kbytes): 0
[ikc-5] 	Average stack size (kbytes): 0
[ikc-5] 	Average total size (kbytes): 0
[ikc-5] 	Maximum resident set size (kbytes): 197768
[ikc-5] 	Average resident set size (kbytes): 0
[ikc-5] 	Major (requiring I/O) page faults: 0
[ikc-5] 	Minor (reclaiming a frame) page faults: 42122
[ikc-5] 	Voluntary context switches: 21
[ikc-5] 	Involuntary context switches: 338
[ikc-5] 	Swaps: 0
[ikc-5] 	File system inputs: 0
[ikc-5] 	File system outputs: 16
[ikc-5] 	Socket messages sent: 0
[ikc-5] 	Socket messages received: 0
[ikc-5] 	Signals delivered: 0
[ikc-5] 	Page size (bytes): 4096
[ikc-5] 	Exit status: 0
[ikc-5] === exit=0 ===

=== [ikc-5 (python)] /home/vltanh/Documents/netsci-research/community-detection/examples/output/estimated_clusterings/ec-sbm-v2/sbm-flat-best+cc/clusterings/ikc-5/dnc/0/.state/run.log ===
[ikc-5 (python)] 2026-05-07 14:31:42,771 - INFO - Reading edgelist from /home/vltanh/Documents/netsci-research/community-detection/examples/input/synthetic_networks/networks/ec-sbm-v2/sbm-flat-best+cc/dnc/0/edge.csv...
[ikc-5 (python)] 2026-05-07 14:31:42,787 - INFO - load_network elapsed: 0.0156 seconds
[ikc-5 (python)] 2026-05-07 14:31:42,794 - INFO - ikc_run elapsed: 0.0074 seconds
[ikc-5 (python)] 2026-05-07 14:31:42,795 - INFO - Removed 617 singleton clusters.
[ikc-5 (python)] 2026-05-07 14:31:42,795 - INFO - Saved 6 valid communities to /home/vltanh/Documents/netsci-research/community-detection/examples/output/estimated_clusterings/ec-sbm-v2/sbm-flat-best+cc/clusterings/ikc-5/dnc/0/com.csv
[ikc-5 (python)] 2026-05-07 14:31:42,795 - INFO - save_results elapsed: 0.0004 seconds

