=== 2026-05-07T19:31:36Z | pid=2400931 | host=nah-popos | EXECUTED ===
0.426889
	Command being timed: "python /home/vltanh/Documents/netsci-research/community-detection/src/louvain/run_louvain.py --edgelist /home/vltanh/Documents/netsci-research/community-detection/examples/input/synthetic_networks/networks/ec-sbm-v2/sbm-flat-best+cc/dnc/0/edge.csv --output-directory /home/vltanh/Documents/netsci-research/community-detection/examples/output/estimated_clusterings/ec-sbm-v2/sbm-flat-best+cc/clusterings/louvain-mod/dnc/0 --quality mod --louvain-bin-dir /home/vltanh/Documents/netsci-research/community-detection/externals/louvain --seed-preload /home/vltanh/Documents/netsci-research/community-detection/src/louvain/seed_shim/louvain_seed_preload.so --seed 1 --log-file /home/vltanh/Documents/netsci-research/community-detection/examples/output/estimated_clusterings/ec-sbm-v2/sbm-flat-best+cc/clusterings/louvain-mod/dnc/0/.state/run.log"
	User time (seconds): 0.36
	System time (seconds): 0.05
	Percent of CPU this job got: 96%
	Elapsed (wall clock) time (h:mm:ss or m:ss): 0:00.43
	Average shared text size (kbytes): 0
	Average unshared data size (kbytes): 0
	Average stack size (kbytes): 0
	Average total size (kbytes): 0
	Maximum resident set size (kbytes): 86208
	Average resident set size (kbytes): 0
	Major (requiring I/O) page faults: 0
	Minor (reclaiming a frame) page faults: 14490
	Voluntary context switches: 36
	Involuntary context switches: 92
	Swaps: 0
	File system inputs: 0
	File system outputs: 400
	Socket messages sent: 0
	Socket messages received: 0
	Signals delivered: 0
	Page size (bytes): 4096
	Exit status: 0
=== exit=0 ===
